Erwus

Version 2 

Anleitung:


User@ASUS MINGW64 ~/Documents/TFO PC/2019-20/Automation/GitHub/Test Ordner
$ git init
Initialized empty Git repository in C:/Users/User/Documents/TFO PC/2019-20/Automation/GitHub/Test Ordner/.git/

User@ASUS MINGW64 ~/Documents/TFO PC/2019-20/Automation/GitHub/Test Ordner (master)
$ git remote add origin https://github.com/Schwellen001/Test-Ordner.git

User@ASUS MINGW64 ~/Documents/TFO PC/2019-20/Automation/GitHub/Test Ordner (master)
$ git pull origin master
remote: Enumerating objects: 3, done.
remote: Counting objects: 100% (3/3), done.
remote: Total 3 (delta 0), reused 0 (delta 0), pack-reused 0
Unpacking objects: 100% (3/3), 612 bytes | 51.00 KiB/s, done.
From https://github.com/Schwellen001/Test-Ordner
 * branch            master     -> FETCH_HEAD
 * [new branch]      master     -> origin/master

User@ASUS MINGW64 ~/Documents/TFO PC/2019-20/Automation/GitHub/Test Ordner (master)
$ git status
On branch master
nothing to commit, working tree clean

User@ASUS MINGW64 ~/Documents/TFO PC/2019-20/Automation/GitHub/Test Ordner (master)
$ git status
On branch master
Untracked files:
  (use "git add <file>..." to include in what will be committed)
        Testtext.txt

nothing added to commit but untracked files present (use "git add" to track)

User@ASUS MINGW64 ~/Documents/TFO PC/2019-20/Automation/GitHub/Test Ordner (master)
$ gid add -A
bash: gid: command not found

User@ASUS MINGW64 ~/Documents/TFO PC/2019-20/Automation/GitHub/Test Ordner (master)
$ git status
On branch master
Untracked files:
  (use "git add <file>..." to include in what will be committed)
        Testtext.txt

nothing added to commit but untracked files present (use "git add" to track)

User@ASUS MINGW64 ~/Documents/TFO PC/2019-20/Automation/GitHub/Test Ordner (master)
$ gid add Testtext.txt
bash: gid: command not found

User@ASUS MINGW64 ~/Documents/TFO PC/2019-20/Automation/GitHub/Test Ordner (master)
$ git add -A

User@ASUS MINGW64 ~/Documents/TFO PC/2019-20/Automation/GitHub/Test Ordner (master)
$ git status
On branch master
Changes to be committed:
  (use "git restore --staged <file>..." to unstage)
        new file:   Testtext.txt


User@ASUS MINGW64 ~/Documents/TFO PC/2019-20/Automation/GitHub/Test Ordner (master)
$ git status
On branch master
Changes to be committed:
  (use "git restore --staged <file>..." to unstage)
        new file:   Testtext.txt


User@ASUS MINGW64 ~/Documents/TFO PC/2019-20/Automation/GitHub/Test Ordner (master)
$ git comit -m "Der erste Kommentar"
git: 'comit' is not a git command. See 'git --help'.

The most similar command is
        commit

User@ASUS MINGW64 ~/Documents/TFO PC/2019-20/Automation/GitHub/Test Ordner (master)
$ ^C

User@ASUS MINGW64 ~/Documents/TFO PC/2019-20/Automation/GitHub/Test Ordner (master)
$ git commit -m "Der erste Kommentar"

*** Please tell me who you are.

Run

  git config --global user.email "you@example.com"
  git config --global user.name "Your Name"

to set your account's default identity.
Omit --global to set the identity only in this repository.

fatal: unable to auto-detect email address (got 'User@ASUS.(none)')

User@ASUS MINGW64 ~/Documents/TFO PC/2019-20/Automation/GitHub/Test Ordner (master)
$ git status
On branch master
Changes to be committed:
  (use "git restore --staged <file>..." to unstage)
        new file:   Testtext.txt


User@ASUS MINGW64 ~/Documents/TFO PC/2019-20/Automation/GitHub/Test Ordner (master)
$ git config --global user.email "02schjul@rgto-me.it"

User@ASUS MINGW64 ~/Documents/TFO PC/2019-20/Automation/GitHub/Test Ordner (master)
$ git config --global user.name "Schwellen001"

User@ASUS MINGW64 ~/Documents/TFO PC/2019-20/Automation/GitHub/Test Ordner (master)
$ git status
On branch master
Changes to be committed:
  (use "git restore --staged <file>..." to unstage)
        new file:   Testtext.txt


User@ASUS MINGW64 ~/Documents/TFO PC/2019-20/Automation/GitHub/Test Ordner (master)
$ git commit -m "Kommentar"
[master 3772604] Kommentar
 1 file changed, 1 insertion(+)
 create mode 100644 Testtext.txt

User@ASUS MINGW64 ~/Documents/TFO PC/2019-20/Automation/GitHub/Test Ordner (master)
$ git commit
On branch master
nothing to commit, working tree clean

User@ASUS MINGW64 ~/Documents/TFO PC/2019-20/Automation/GitHub/Test Ordner (master)
$ ^C

User@ASUS MINGW64 ~/Documents/TFO PC/2019-20/Automation/GitHub/Test Ordner (master)
$
